// Jest Snapshot v1, https://goo.gl/fbAQLP

exports[`Countdown renders correctly 1`] = `
<View
  style={
    {
      "alignItems": "center",
      "flexDirection": "row",
      "gap": 12,
      "justifyContent": "flex-start",
      "marginVertical": 20,
    }
  }
>
  <View
    style={
      {
        "alignItems": "center",
        "backgroundColor": "#000000",
        "borderColor": "#333",
        "borderRadius": 8,
        "borderWidth": 1,
        "height": 70,
        "justifyContent": "center",
        "width": 70,
      }
    }
  >
    <Text
      style={
        {
          "color": "#FF1801",
          "fontSize": 24,
          "fontWeight": "700",
        }
      }
    >
      32
    </Text>
    <Text
      style={
        {
          "color": "#666",
          "fontSize": 10,
          "fontWeight": "500",
          "marginTop": 2,
        }
      }
    >
      DAYS
    </Text>
  </View>
  <View
    style={
      {
        "alignItems": "center",
        "backgroundColor": "#000000",
        "borderColor": "#333",
        "borderRadius": 8,
        "borderWidth": 1,
        "height": 70,
        "justifyContent": "center",
        "width": 70,
      }
    }
  >
    <Text
      style={
        {
          "color": "#FF1801",
          "fontSize": 24,
          "fontWeight": "700",
        }
      }
    >
      03
    </Text>
    <Text
      style={
        {
          "color": "#666",
          "fontSize": 10,
          "fontWeight": "500",
          "marginTop": 2,
        }
      }
    >
      HOURS
    </Text>
  </View>
  <View
    style={
      {
        "alignItems": "center",
        "backgroundColor": "#000000",
        "borderColor": "#333",
        "borderRadius": 8,
        "borderWidth": 1,
        "height": 70,
        "justifyContent": "center",
        "width": 70,
      }
    }
  >
    <Text
      style={
        {
          "color": "#FF1801",
          "fontSize": 24,
          "fontWeight": "700",
        }
      }
    >
      00
    </Text>
    <Text
      style={
        {
          "color": "#666",
          "fontSize": 10,
          "fontWeight": "500",
          "marginTop": 2,
        }
      }
    >
      MINS
    </Text>
  </View>
</View>
`;
